// Jest Snapshot v1, https://goo.gl/fbAQLP

exports[`UserDetailsComponent should render user form 1`] = `
<div>
  <div
    class="col-md-8 offset-md-2"
  >
    <div
      class="loader-overlay"
      data-testid="test-loader"
    >
      <div
        class="loader-circle-wrap"
      >
        <div
          class="loader-circle"
        />
      </div>
    </div>
  </div>
</div>
`;
