// Jest Snapshot v1, https://goo.gl/fbAQLP

exports[`UserDetailsFormComponent should render form elements if data is > 0 1`] = `
<div>
  <form
    data-testid="userDetail_testid"
  >
    <div
      class="form-group"
    >
      <label
        class="form-label"
        for="name"
      >
        Name *
      </label>
      <input
        class="form-control"
        id="name"
        name="name"
        placeholder="Please enter your name"
        type="text"
      />
    </div>
    <div
      class="form-group"
    >
      <label
        class="form-label"
        for="role"
      >
        Role
      </label>
      <input
        class="form-control"
        id="role"
        name="role"
        placeholder="Please enter role"
        type="text"
      />
    </div>
    <div
      class="form-group"
    >
      <label
        class="form-label"
        for="emailAddress"
      >
        Email *
      </label>
      <input
        class="form-control"
        id="emailAddress"
        name="emailAddress"
        placeholder="Please enter email address"
        type="text"
      />
    </div>
    <div
      class="form-group"
    >
      <label
        class="form-label"
        for="password"
      >
        Password *
      </label>
      <input
        class="form-control"
        id="password"
        name="password"
        placeholder="Please enter password"
        type="password"
      />
    </div>
    <div
      class="pt-4"
    >
      <button
        class="float-right btn btn-primary"
        type="submit"
      >
        Submit
      </button>
    </div>
  </form>
</div>
`;
